(#1) ELEMENT <movies> (isEmptyElement: No)
  (#14) SIGNIFICANT_WHITESPACE (5) "\n    "
  (#1) ELEMENT <movie> (isEmptyElement: No)
    (#14) SIGNIFICANT_WHITESPACE (9) "\n        "
    (#1) ELEMENT <title> (isEmptyElement: No)
      (#3) TEXT (22) "PHP: Behind the P..."
    (#15) END_ELEMENT </title>
    (#14) SIGNIFICANT_WHITESPACE (5) "\n    "
  (#15) END_ELEMENT </movie>
  (#14) SIGNIFICANT_WHITESPACE (5) "\n    "
  (#1) ELEMENT <movie> (isEmptyElement: No)
    (#14) SIGNIFICANT_WHITESPACE (9) "\n        "
    (#1) ELEMENT <title> (isEmptyElement: No)
      (#3) TEXT (10) "Whitespace"
    (#15) END_ELEMENT </title>
    (#14) SIGNIFICANT_WHITESPACE (5) "\n    "
  (#15) END_ELEMENT </movie>
  (#14) SIGNIFICANT_WHITESPACE (5) "\n    "
  (#1) ELEMENT <movie> (isEmptyElement: No)
    (#14) SIGNIFICANT_WHITESPACE (9) "\n        "
    (#1) ELEMENT <title> (isEmptyElement: No)
      (#3) TEXT (25) "Whitespace - Tabs..."
    (#15) END_ELEMENT </title>
    (#14) SIGNIFICANT_WHITESPACE (5) "\n    "
  (#15) END_ELEMENT </movie>
  (#14) SIGNIFICANT_WHITESPACE (5) "\n    "
  (#1) ELEMENT <movie> (isEmptyElement: No)
    (#14) SIGNIFICANT_WHITESPACE (9) "\n        "
    (#1) ELEMENT <title> (isEmptyElement: No)
      (#3) TEXT (41) "Whitespace - The ..."
    (#15) END_ELEMENT </title>
    (#14) SIGNIFICANT_WHITESPACE (5) "\n    "
  (#15) END_ELEMENT </movie>
  (#14) SIGNIFICANT_WHITESPACE (1) "\n"
(#15) END_ELEMENT </movies>
